// Jest Snapshot v1, https://goo.gl/fbAQLP

exports[`kambi.getGroups() finds next match team name correctly 1`] = `
Array [
  Object {
    "betOffers": Array [
      Object {
        "criterion": Object {
          "id": 100,
        },
        "outcomes": Array [
          Object {
            "odds": 10,
          },
          Object {
            "odds": 20,
          },
        ],
      },
    ],
    "event": Object {
      "englishName": "Group A (World Cup Qualification UEFA 2018)",
    },
    "groupName": "A",
  },
  Object {
    "betOffers": Array [
      Object {
        "criterion": Object {
          "id": 100,
        },
        "outcomes": Array [
          Object {
            "odds": 10,
          },
          Object {
            "odds": 20,
          },
        ],
      },
    ],
    "event": Object {
      "englishName": "(World Cup Qualification UEFA 2018) Group B",
    },
    "groupName": "B",
  },
  Object {
    "betOffers": Array [
      Object {
        "criterion": Object {
          "id": 100,
        },
        "live": true,
        "outcomes": Array [
          Object {
            "odds": 10,
          },
          Object {
            "odds": 20,
          },
        ],
      },
    ],
    "event": Object {
      "englishName": "(World Cup Qualification UEFA 2018) Group C (World Cup Qualification UEFA 2018)",
    },
    "groupName": "C",
  },
]
`;

exports[`kambi.getGroups() throws exception when group name cannot be found 1`] = `[Error: Cannot extract group letter from: group A (World Cup Qualification UEFA 2018)]`;
